<html>
<body>
<pre>
<h1>µVision Build Log</h1>
<h2>Tool Versions:</h2>
IDE-Version: ¦ÌVision V5.38.0.0
Copyright (C) 2022 ARM Ltd and ARM Germany GmbH. All rights reserved.
License Information: lx Canrad, 1, LIC=TIVNB-284HR-FWP2N-Y8SKQ-4IUFV-WG51U
 
Tool Versions:
Toolchain:       MDK-ARM Plus  Version: 5.38.0.0
Toolchain Path:  D:\Program Files\Keil5\32\ARM\ARMCC\Bin
C Compiler:      Armcc.exe V5.06 update 6 (build 750)
Assembler:       Armasm.exe V5.06 update 6 (build 750)
Linker/Locator:  ArmLink.exe V5.06 update 6 (build 750)
Library Manager: ArmAr.exe V5.06 update 6 (build 750)
Hex Converter:   FromElf.exe V5.06 update 6 (build 750)
CPU DLL:         SARMCM3.DLL V5.38.0.0
Dialog DLL:      DCM.DLL V1.17.5.0
Target DLL:      CMSIS_AGDI.dll V1.33.15.0
Dialog DLL:      TCM.DLL V1.56.4.0
 
<h2>Project:</h2>
D:\desktop\SMART_CAR\MDK-ARM\SMART_CAR.uvprojx
Project File Date:  07/29/2025

<h2>Output:</h2>
*** Using Compiler 'V5.06 update 6 (build 750)', folder: 'D:\Program Files\Keil5\32\ARM\ARMCC\Bin'
Build target 'SMART_CAR'
assembling startup_stm32f767xx.s...
compiling adc.c...
compiling spi.c...
compiling stm32f7xx_it.c...
compiling dma.c...
compiling stm32f7xx_hal_timebase_tim.c...
compiling stm32f7xx_hal_msp.c...
compiling gpio.c...
compiling Encoder.cpp...
compiling usart.c...
compiling tim.c...
compiling main.c...
compiling freertos.c...
compiling pid.cpp...
compiling pid_incremental.cpp...
compiling lcd.c...
compiling Motor.cpp...
compiling sys.c...
compiling led.cpp...
compiling camera.c...
compiling PatrolLine.cpp...
compiling pid_positional.cpp...
compiling right_motor.cpp...
compiling delay.c...
compiling left_motor.cpp...
compiling key.cpp...
compiling WT901C.c...
compiling stm32f7xx_hal_usart.c...
compiling stm32f7xx_hal_adc_ex.c...
compiling stm32f7xx_hal_adc.c...
compiling stm32f7xx_hal_flash_ex.c...
compiling stm32f7xx_hal_flash.c...
compiling Distance_patrol.cpp...
compiling test.cpp...
compiling stm32f7xx_hal_rcc_ex.c...
compiling stm32f7xx_hal_tim_ex.c...
compiling stm32f7xx_hal_rcc.c...
compiling stm32f7xx_hal_tim.c...
compiling pack.cpp...
compiling stm32f7xx_hal_spi_ex.c...
compiling stm32f7xx_hal_i2c_ex.c...
compiling stm32f7xx_hal_pwr_ex.c...
compiling stm32f7xx_hal_exti.c...
compiling stm32f7xx_hal_dma.c...
compiling stm32f7xx_hal_cortex.c...
compiling stm32f7xx_hal_gpio.c...
compiling stm32f7xx_hal_pwr.c...
compiling stm32f7xx_hal.c...
compiling croutine.c...
compiling stm32f7xx_hal_dma_ex.c...
compiling list.c...
compiling event_groups.c...
compiling queue.c...
compiling stream_buffer.c...
compiling stm32f7xx_hal_spi.c...
compiling timers.c...
compiling tasks.c...
compiling heap_4.c...
compiling port.c...
compiling cmsis_os2.c...
compiling stm32f7xx_hal_i2c.c...
compiling stm32f7xx_hal_uart_ex.c...
compiling stm32f7xx_hal_uart.c...
compiling system_stm32f7xx.c...
linking...
Program Size: Code=46864 RO-data=14076 RW-data=268 ZI-data=21836  
FromELF: creating hex file...
"SMART_CAR\SMART_CAR.axf" - 0 Error(s), 0 Warning(s).

<h2>Software Packages used:</h2>

Package Vendor: ARM
                http://www.keil.com/pack/ARM.CMSIS.5.9.0.pack
                ARM.CMSIS.5.9.0
                CMSIS (Common Microcontroller Software Interface Standard)
   * Component: CORE Version: 5.6.0

Package Vendor: Keil
                https://www.keil.com/pack/Keil.STM32F7xx_DFP.3.0.0.pack
                Keil.STM32F7xx_DFP.3.0.0
                STMicroelectronics STM32F7 Series Device Support

<h2>Collection of Component include folders:</h2>
  ./RTE/_SMART_CAR
  D:/Program Files/Keil5/32/ARM/PACK/ARM/CMSIS/5.9.0/CMSIS/Core/Include

<h2>Collection of Component Files used:</h2>

   * Component: ARM::CMSIS:CORE:5.6.0
      Include file:  CMSIS/Core/Include/tz_context.h
Build Time Elapsed:  00:00:52
</pre>
</body>
</html>
